

-------App & Device info--------
- system: iOS, 16.1
- app: 1.0, 1410
-------End-------