

-------App & Device info--------
- system: iOS, 13.1
- app: 1.0, 1
-------End-------